../Core/Src/main.c:77:5:main	40	static,ignoring_inline_asm
../Core/Src/main.c:132:6:SystemClock_Config	88	static
../Core/Src/main.c:179:13:MX_I2C1_Init	8	static
../Core/Src/main.c:213:13:MX_I2S2_Init	8	static
../Core/Src/main.c:247:13:MX_SPI1_Init	8	static
../Core/Src/main.c:285:13:MX_GPIO_Init	56	static
../Core/Src/main.c:391:13:task1_handler	16	static
../Core/Src/main.c:398:13:task2_handler	16	static
../Core/Src/main.c:415:6:HAL_TIM_PeriodElapsedCallback	16	static
../Core/Src/main.c:432:6:Error_Handler	4	static,ignoring_inline_asm
